Release 14.7 - xst P.20131013 (nt64)
Copyright (c) 1995-2013 Xilinx, Inc.  All rights reserved.
--> Parameter TMPDIR set to xst/projnav.tmp


Total REAL time to Xst completion: 1.00 secs
Total CPU time to Xst completion: 1.07 secs
 
--> Parameter xsthdpdir set to xst


Total REAL time to Xst completion: 1.00 secs
Total CPU time to Xst completion: 1.07 secs
 
--> Reading design: Node.prj

TABLE OF CONTENTS
  1) Synthesis Options Summary
  2) HDL Parsing
  3) HDL Elaboration
  4) HDL Synthesis
       4.1) HDL Synthesis Report
  5) Advanced HDL Synthesis
       5.1) Advanced HDL Synthesis Report
  6) Low Level Synthesis
  7) Partition Report
  8) Design Summary
       8.1) Primitive and Black Box Usage
       8.2) Device utilization summary
       8.3) Partition Resource Summary
       8.4) Timing Report
            8.4.1) Clock Information
            8.4.2) Asynchronous Control Signals Information
            8.4.3) Timing Summary
            8.4.4) Timing Details
            8.4.5) Cross Clock Domains Report


=========================================================================
*                      Synthesis Options Summary                        *
=========================================================================
---- Source Parameters
Input File Name                    : "Node.prj"
Ignore Synthesis Constraint File   : NO

---- Target Parameters
Output File Name                   : "Node"
Output Format                      : NGC
Target Device                      : xc6slx9-2-tqg144

---- Source Options
Top Module Name                    : Node
Automatic FSM Extraction           : YES
FSM Encoding Algorithm             : Auto
Safe Implementation                : No
FSM Style                          : LUT
RAM Extraction                     : Yes
RAM Style                          : Auto
ROM Extraction                     : Yes
Shift Register Extraction          : YES
ROM Style                          : Auto
Resource Sharing                   : YES
Asynchronous To Synchronous        : NO
Shift Register Minimum Size        : 2
Use DSP Block                      : Auto
Automatic Register Balancing       : No

---- Target Options
LUT Combining                      : Auto
Reduce Control Sets                : Auto
Add IO Buffers                     : YES
Global Maximum Fanout              : 100000
Add Generic Clock Buffer(BUFG)     : 16
Register Duplication               : YES
Optimize Instantiated Primitives   : NO
Use Clock Enable                   : Auto
Use Synchronous Set                : Auto
Use Synchronous Reset              : Auto
Pack IO Registers into IOBs        : Auto
Equivalent register Removal        : YES

---- General Options
Optimization Goal                  : Speed
Optimization Effort                : 1
Power Reduction                    : NO
Keep Hierarchy                     : No
Netlist Hierarchy                  : Rebuilt
RTL Output                         : Yes
Global Optimization                : AllClockNets
Read Cores                         : YES
Write Timing Constraints           : NO
Cross Clock Analysis               : NO
Hierarchy Separator                : /
Bus Delimiter                      : <>
Case Specifier                     : Maintain
Slice Utilization Ratio            : 100
BRAM Utilization Ratio             : 100
DSP48 Utilization Ratio            : 100
Auto BRAM Packing                  : NO
Slice Utilization Ratio Delta      : 5

=========================================================================


=========================================================================
*                          HDL Parsing                                  *
=========================================================================
Parsing VHDL file "E:\Xilinx\Neural_FPGA_Project\Hardware_Neural_Net-master\Node\Node\WeightMult.vhd" into library work
Parsing entity <WeightMult>.
Parsing architecture <Behavioral> of entity <weightmult>.
Parsing VHDL file "E:\Xilinx\Neural_FPGA_Project\Hardware_Neural_Net-master\Node\Node\Sigmoid.vhd" into library work
Parsing entity <Sigmoid>.
Parsing architecture <Behavioral> of entity <sigmoid>.
Parsing VHDL file "E:\Xilinx\Neural_FPGA_Project\Hardware_Neural_Net-master\Node\Node\Node.vhd" into library work
Parsing entity <Node>.
Parsing architecture <Behavioral> of entity <node>.

=========================================================================
*                            HDL Elaboration                            *
=========================================================================

Elaborating entity <Node> (architecture <Behavioral>) with generics from library <work>.

Elaborating entity <WeightMult> (architecture <Behavioral>) from library <work>.

Elaborating entity <Sigmoid> (architecture <Behavioral>) from library <work>.

=========================================================================
*                           HDL Synthesis                               *
=========================================================================

Synthesizing Unit <Node>.
    Related source file is "E:\Xilinx\Neural_FPGA_Project\Hardware_Neural_Net-master\Node\Node\Node.vhd".
        numActive = 8
        default0 = "00000000"
        default1 = "00000000"
        default2 = "00000000"
        default3 = "00000000"
        default4 = "00000000"
        default5 = "00000000"
        default6 = "00000000"
        default7 = "00000000"
    Found 8-bit adder for signal <n0031> created at line 79.
    Found 8-bit adder for signal <n0034> created at line 79.
    Found 8-bit adder for signal <n0037> created at line 79.
    Found 8-bit adder for signal <n0040> created at line 79.
    Found 8-bit adder for signal <n0043> created at line 79.
    Found 8-bit adder for signal <n0046> created at line 79.
    Found 8-bit adder for signal <sigInTemp> created at line 79.
    Summary:
	inferred   7 Adder/Subtractor(s).
Unit <Node> synthesized.

Synthesizing Unit <WeightMult>.
    Related source file is "E:\Xilinx\Neural_FPGA_Project\Hardware_Neural_Net-master\Node\Node\WeightMult.vhd".
    Found 8-bit adder for signal <n0036> created at line 32.
    Found 8-bit adder for signal <n0039> created at line 32.
    Found 8-bit adder for signal <n0042> created at line 32.
    Found 8-bit adder for signal <sum> created at line 32.
    Found 8-bit subtractor for signal <sum[7]_unary_minus_11_OUT<7:0>> created at line 0.
    Summary:
	inferred   5 Adder/Subtractor(s).
	inferred   7 Multiplexer(s).
Unit <WeightMult> synthesized.

Synthesizing Unit <Sigmoid>.
    Related source file is "E:\Xilinx\Neural_FPGA_Project\Hardware_Neural_Net-master\Node\Node\Sigmoid.vhd".
    Found 256x5-bit Read Only RAM for signal <output>
    Summary:
	inferred   1 RAM(s).
Unit <Sigmoid> synthesized.

=========================================================================
HDL Synthesis Report

Macro Statistics
# RAMs                                                 : 1
 256x5-bit single-port Read Only RAM                   : 1
# Adders/Subtractors                                   : 47
 8-bit adder                                           : 39
 8-bit subtractor                                      : 8
# Multiplexers                                         : 56
 8-bit 2-to-1 multiplexer                              : 56

=========================================================================

=========================================================================
*                       Advanced HDL Synthesis                          *
=========================================================================


Synthesizing (advanced) Unit <Node>.
	The following adders/subtractors are grouped into adder tree <Madd_sigInTemp1> :
 	<Madd_n0031> in block <Node>, 	<Madd_n0034> in block <Node>, 	<Madd_n0037> in block <Node>, 	<Madd_n0040> in block <Node>, 	<Madd_n0043> in block <Node>, 	<Madd_n0046> in block <Node>, 	<Madd_sigInTemp> in block <Node>.
Unit <Node> synthesized (advanced).

Synthesizing (advanced) Unit <Sigmoid>.
INFO:Xst:3218 - HDL ADVISOR - The RAM <Mram_output> will be implemented on LUTs either because you have described an asynchronous read or because of currently unsupported block RAM features. If you have described an asynchronous read, making it synchronous would allow you to take advantage of available block RAM resources, for optimized device usage and improved timings. Please refer to your documentation for coding guidelines.
    -----------------------------------------------------------------------
    | ram_type           | Distributed                         |          |
    -----------------------------------------------------------------------
    | Port A                                                              |
    |     aspect ratio   | 256-word x 5-bit                    |          |
    |     weA            | connected to signal <GND>           | high     |
    |     addrA          | connected to signal <input>         |          |
    |     diA            | connected to signal <GND>           |          |
    |     doA            | connected to signal <output>        |          |
    -----------------------------------------------------------------------
Unit <Sigmoid> synthesized (advanced).

Synthesizing (advanced) Unit <WeightMult>.
	The following adders/subtractors are grouped into adder tree <Madd_sum1> :
 	<Madd_n0036> in block <WeightMult>, 	<Madd_n0039> in block <WeightMult>, 	<Madd_n0042> in block <WeightMult>, 	<Madd_sum> in block <WeightMult>.
Unit <WeightMult> synthesized (advanced).

=========================================================================
Advanced HDL Synthesis Report

Macro Statistics
# RAMs                                                 : 1
 256x5-bit single-port distributed Read Only RAM       : 1
# Adders/Subtractors                                   : 8
 8-bit subtractor                                      : 8
# Adder Trees                                          : 9
 8-bit / 5-inputs adder tree                           : 8
 8-bit / 8-inputs adder tree                           : 1
# Multiplexers                                         : 56
 8-bit 2-to-1 multiplexer                              : 56

=========================================================================

=========================================================================
*                         Low Level Synthesis                           *
=========================================================================

Optimizing unit <Node> ...

Optimizing unit <WeightMult> ...

Mapping all equations...
Building and optimizing final netlist ...
Found area constraint ratio of 100 (+ 5) on block Node, actual ratio is 6.

Final Macro Processing ...

=========================================================================
Final Register Report

Found no macro
=========================================================================

=========================================================================
*                           Partition Report                            *
=========================================================================

Partition Implementation Status
-------------------------------

  No Partitions were found in this design.

-------------------------------

=========================================================================
*                            Design Summary                             *
=========================================================================

Top Level Output File Name         : Node.ngc

Primitive and Black Box Usage:
------------------------------
# BELS                             : 584
#      GND                         : 9
#      LUT2                        : 22
#      LUT3                        : 127
#      LUT4                        : 126
#      LUT5                        : 2
#      LUT6                        : 5
#      MUXCY                       : 144
#      MUXF7                       : 2
#      XORCY                       : 147
# IO Buffers                       : 13
#      OBUF                        : 13

Device utilization summary:
---------------------------

Selected Device : 6slx9tqg144-2 


Slice Logic Utilization: 
 Number of Slice LUTs:                  282  out of   5720     4%  
    Number used as Logic:               282  out of   5720     4%  

Slice Logic Distribution: 
 Number of LUT Flip Flop pairs used:    282
   Number with an unused Flip Flop:     282  out of    282   100%  
   Number with an unused LUT:             0  out of    282     0%  
   Number of fully used LUT-FF pairs:     0  out of    282     0%  
   Number of unique control sets:         0

IO Utilization: 
 Number of IOs:                          53
 Number of bonded IOBs:                  13  out of    102    12%  

Specific Feature Utilization:

---------------------------
Partition Resource Summary:
---------------------------

  No Partitions were found in this design.

---------------------------


=========================================================================
Timing Report

NOTE: THESE TIMING NUMBERS ARE ONLY A SYNTHESIS ESTIMATE.
      FOR ACCURATE TIMING INFORMATION PLEASE REFER TO THE TRACE REPORT
      GENERATED AFTER PLACE-and-ROUTE.

Clock Information:
------------------
No clock signals found in this design

Asynchronous Control Signals Information:
----------------------------------------
No asynchronous control signals found in this design

Timing Summary:
---------------
Speed Grade: -2

   Minimum period: No path found
   Minimum input arrival time before clock: No path found
   Maximum output required time after clock: No path found
   Maximum combinational path delay: No path found

Timing Details:
---------------
All values displayed in nanoseconds (ns)

=========================================================================

Cross Clock Domains Report:
--------------------------

=========================================================================


Total REAL time to Xst completion: 13.00 secs
Total CPU time to Xst completion: 12.98 secs
 
--> 

Total memory usage is 261884 kilobytes

Number of errors   :    0 (   0 filtered)
Number of warnings :    0 (   0 filtered)
Number of infos    :    1 (   0 filtered)

